// Jest Snapshot v1, https://goo.gl/fbAQLP

exports[`GifItem component Must match with snapshot 1`] = `
<div>
  <div
    class="card"
  >
    <img
      alt="Gif title"
      src="http://url"
    />
    <p>
      Gif title
    </p>
  </div>
</div>
`;
